../Core/Src/ssd1315.c:106:6:ssd1315_Init	8	static
../Core/Src/ssd1315.c:137:6:ssd1315_Clear	16	static
../Core/Src/ssd1315.c:155:6:ssd1315_DisplayOn	8	static
../Core/Src/ssd1315.c:168:6:ssd1315_DisplayOff	8	static
../Core/Src/ssd1315.c:181:10:ssd1315_GetLcdPixelWidth	4	static
../Core/Src/ssd1315.c:191:10:ssd1315_GetLcdPixelHeight	4	static
../Core/Src/ssd1315.c:203:6:ssd1315_WritePixel	16	static
../Core/Src/ssd1315.c:218:10:ssd1315_ReadPixel	16	static
../Core/Src/ssd1315.c:229:6:ssd1315_SetPage	16	static
../Core/Src/ssd1315.c:240:6:ssd1315_SetColumn	16	static
../Core/Src/ssd1315.c:256:6:ssd1315_DrawHLine	32	static
../Core/Src/ssd1315.c:275:6:ssd1315_DrawVLine	32	static
../Core/Src/ssd1315.c:293:6:ssd1315_DrawBitmap	56	static
../Core/Src/ssd1315.c:362:6:ssd1315_ShiftBitmap	72	static
../Core/Src/ssd1315.c:460:6:ssd1315_ScrollingSetup	24	static
../Core/Src/ssd1315.c:477:6:ssd1315_ScrollingStart	8	static
../Core/Src/ssd1315.c:488:6:ssd1315_ScrollingStop	8	static
../Core/Src/ssd1315.c:499:6:ssd1315_Refresh	8	static
../Core/Src/ssd1315.c:518:6:ssd1315_DrawChar	32	static
../Core/Src/ssd1315.c:529:6:ssd1315_Draw_String	32	static
