../Core/Src/ssd1315.c:107:6:ssd1315_Init	8	static
../Core/Src/ssd1315.c:138:6:ssd1315_Clear	16	static
../Core/Src/ssd1315.c:156:6:ssd1315_DisplayOn	8	static
../Core/Src/ssd1315.c:169:6:ssd1315_DisplayOff	8	static
../Core/Src/ssd1315.c:182:10:ssd1315_GetLcdPixelWidth	4	static
../Core/Src/ssd1315.c:192:10:ssd1315_GetLcdPixelHeight	4	static
../Core/Src/ssd1315.c:204:6:ssd1315_WritePixel	16	static
../Core/Src/ssd1315.c:219:10:ssd1315_ReadPixel	16	static
../Core/Src/ssd1315.c:230:6:ssd1315_SetPage	16	static
../Core/Src/ssd1315.c:241:6:ssd1315_SetColumn	16	static
../Core/Src/ssd1315.c:257:6:ssd1315_DrawHLine	32	static
../Core/Src/ssd1315.c:276:6:ssd1315_DrawVLine	32	static
../Core/Src/ssd1315.c:294:6:ssd1315_DrawBitmap	56	static
../Core/Src/ssd1315.c:363:6:ssd1315_ShiftBitmap	72	static
../Core/Src/ssd1315.c:461:6:ssd1315_ScrollingSetup	24	static
../Core/Src/ssd1315.c:478:6:ssd1315_ScrollingStart	8	static
../Core/Src/ssd1315.c:489:6:ssd1315_ScrollingStop	8	static
../Core/Src/ssd1315.c:500:6:ssd1315_Refresh	8	static
../Core/Src/ssd1315.c:519:6:ssd1315_DrawChar	32	static
../Core/Src/ssd1315.c:530:6:ssd1315_Draw_String	32	static
