17:39:55 **** Incremental Build of configuration Debug for project TD1_fonction1 ****
make -j4 all 
arm-none-eabi-gcc "../Core/Src/utils.c" -mcpu=cortex-m4 -std=gnu11 -g3 -DDEBUG -DUSE_HAL_DRIVER -DSTM32L476xx -c -I../Core/Inc -I../Drivers/STM32L4xx_HAL_Driver/Inc -I../Drivers/STM32L4xx_HAL_Driver/Inc/Legacy -I../Drivers/CMSIS/Device/ST/STM32L4xx/Include -I../Drivers/CMSIS/Include -O0 -ffunction-sections -fdata-sections -Wall -fstack-usage -fcyclomatic-complexity -MMD -MP -MF"Core/Src/utils.d" -MT"Core/Src/utils.o" --specs=nano.specs -mfpu=fpv4-sp-d16 -mfloat-abi=hard -mthumb -o "Core/Src/utils.o"
arm-none-eabi-gcc -o "TD1_fonction1.elf" @"objects.list"   -mcpu=cortex-m4 -T"C:\Users\karim\STM32CubeIDE\workspace_1.16.0\TD1_fonction1\STM32L476RGTX_FLASH.ld" --specs=nosys.specs -Wl,-Map="TD1_fonction1.map" -Wl,--gc-sections -static --specs=nano.specs -mfpu=fpv4-sp-d16 -mfloat-abi=hard -mthumb -Wl,--start-group -lc -lm -Wl,--end-group
Finished building target: TD1_fonction1.elf
 
arm-none-eabi-size  TD1_fonction1.elf 
arm-none-eabi-objdump -h -S TD1_fonction1.elf  > "TD1_fonction1.list"
   text	   data	    bss	    dec	    hex	filename
  31680	    112	   2776	  34568	   8708	TD1_fonction1.elf
Finished building: default.size.stdout
 
Finished building: TD1_fonction1.list
 

17:39:57 Build Finished. 0 errors, 0 warnings. (took 1s.588ms)

