23:58:50 **** Incremental Build of configuration Debug for project TD3_ ****
make -j4 all 
arm-none-eabi-gcc "../Core/Src/utils.c" -mcpu=cortex-m4 -std=gnu11 -g3 -DDEBUG -DUSE_HAL_DRIVER -DSTM32L476xx -c -I../Core/Inc -I../Drivers/STM32L4xx_HAL_Driver/Inc -I../Drivers/STM32L4xx_HAL_Driver/Inc/Legacy -I../Drivers/CMSIS/Device/ST/STM32L4xx/Include -I../Drivers/CMSIS/Include -O0 -ffunction-sections -fdata-sections -Wall -fstack-usage -fcyclomatic-complexity -MMD -MP -MF"Core/Src/utils.d" -MT"Core/Src/utils.o" --specs=nano.specs -mfpu=fpv4-sp-d16 -mfloat-abi=hard -mthumb -o "Core/Src/utils.o"
arm-none-eabi-gcc -o "TD3_.elf" @"objects.list"   -mcpu=cortex-m4 -T"C:\Users\karim\STM32CubeIDE\workspace_1.16.0\TD3_\STM32L476RGTX_FLASH.ld" --specs=nosys.specs -Wl,-Map="TD3_.map" -Wl,--gc-sections -static --specs=nano.specs -mfpu=fpv4-sp-d16 -mfloat-abi=hard -mthumb -Wl,--start-group -lc -lm -Wl,--end-group
Finished building target: TD3_.elf
 
arm-none-eabi-size  TD3_.elf 
arm-none-eabi-objdump -h -S TD3_.elf  > "TD3_.list"
   text	   data	    bss	    dec	    hex	filename
  32060	    164	   2764	  34988	   88ac	TD3_.elf
Finished building: default.size.stdout
 
Finished building: TD3_.list
 

23:58:52 Build Finished. 0 errors, 0 warnings. (took 1s.271ms)

