18:19:21 **** Incremental Build of configuration Debug for project td4 ****
make -j4 all 
arm-none-eabi-gcc "../Core/Src/main.c" -mcpu=cortex-m4 -std=gnu11 -g3 -DDEBUG -DUSE_HAL_DRIVER -DSTM32L476xx -c -I../Core/Inc -I../Drivers/STM32L4xx_HAL_Driver/Inc -I../Drivers/STM32L4xx_HAL_Driver/Inc/Legacy -I../Drivers/CMSIS/Device/ST/STM32L4xx/Include -I../Drivers/CMSIS/Include -O0 -ffunction-sections -fdata-sections -Wall -fstack-usage -fcyclomatic-complexity -MMD -MP -MF"Core/Src/main.d" -MT"Core/Src/main.o" --specs=nano.specs -mfpu=fpv4-sp-d16 -mfloat-abi=hard -mthumb -o "Core/Src/main.o"
arm-none-eabi-gcc -o "td4.elf" @"objects.list"   -mcpu=cortex-m4 -T"C:\Users\karim\STM32CubeIDE\workspace_1.16.0\td4\STM32L476RGTX_FLASH.ld" --specs=nosys.specs -Wl,-Map="td4.map" -Wl,--gc-sections -static --specs=nano.specs -mfpu=fpv4-sp-d16 -mfloat-abi=hard -mthumb -Wl,--start-group -lc -lm -Wl,--end-group
Finished building target: td4.elf
 
arm-none-eabi-size  td4.elf 
arm-none-eabi-objdump -h -S td4.elf  > "td4.list"
   text	   data	    bss	    dec	    hex	filename
  32620	    104	   2784	  35508	   8ab4	td4.elf
Finished building: default.size.stdout
 
Finished building: td4.list
 

18:19:23 Build Finished. 0 errors, 0 warnings. (took 1s.433ms)

