12:06:27 **** Incremental Build of configuration Debug for project TP1 ****
make -j4 all 
arm-none-eabi-gcc "../Core/Src/main.c" -mcpu=cortex-m4 -std=gnu11 -g3 -DDEBUG -DUSE_HAL_DRIVER -DSTM32L476xx -c -I../Core/Inc -I../Drivers/STM32L4xx_HAL_Driver/Inc -I../Drivers/STM32L4xx_HAL_Driver/Inc/Legacy -I../Drivers/CMSIS/Device/ST/STM32L4xx/Include -I../Drivers/CMSIS/Include -O0 -ffunction-sections -fdata-sections -Wall -fstack-usage -fcyclomatic-complexity -MMD -MP -MF"Core/Src/main.d" -MT"Core/Src/main.o" --specs=nano.specs -mfpu=fpv4-sp-d16 -mfloat-abi=hard -mthumb -o "Core/Src/main.o"
In file included from ../Core/Src/main.c:33:
../Core/Inc/utils.h:15:1: warning: data definition has no type or storage class
   15 | getLongitude(char * frame);
      | ^~~~~~~~~~~~
../Core/Inc/utils.h:15:1: warning: type defaults to 'int' in declaration of 'getLongitude' [-Wimplicit-int]
arm-none-eabi-gcc -o "TP1.elf" @"objects.list"   -mcpu=cortex-m4 -T"C:\Users\karim\STM32CubeIDE\workspace_1.16.0\TP1\STM32L476RGTX_FLASH.ld" --specs=nosys.specs -Wl,-Map="TP1.map" -Wl,--gc-sections -static --specs=nano.specs -mfpu=fpv4-sp-d16 -mfloat-abi=hard -mthumb -u _printf_float -Wl,--start-group -lc -lm -Wl,--end-group
Finished building target: TP1.elf
 
arm-none-eabi-size  TP1.elf 
arm-none-eabi-objdump -h -S TP1.elf  > "TP1.list"
   text	   data	    bss	    dec	    hex	filename
  50632	    476	   3800	  54908	   d67c	TP1.elf
Finished building: default.size.stdout
 
Finished building: TP1.list
 

12:06:28 Build Finished. 0 errors, 2 warnings. (took 1s.169ms)

